Embarcadero Delphi for Win64 compiler version 36.0
Copyright (c) 1983,2024 Embarcadero Technologies, Inc.
TransSuccess.dpr(55) Fatal: F2613 Unit 'madExcept' not found.
